{
    "data": {
        "id": "0000-0000-0000-0000",
        "first_name": "Foo",
        "last_name": "Bar",
        "email": "foo@bar.com"
    }
}
